

================================================================
== Vivado HLS Report for 'feedForward'
================================================================
* Date:           Mon Aug 16 14:13:04 2021

* Version:        2018.2 (Build 2258646 on Thu Jun 14 20:25:20 MDT 2018)
* Project:        voicerec
* Solution:       solution1
* Product family: artix7
* Target device:  xc7a200tsbg484-1


================================================================
== Performance Estimates
================================================================
+ Timing (ns): 
    * Summary: 
    +--------+-------+----------+------------+
    |  Clock | Target| Estimated| Uncertainty|
    +--------+-------+----------+------------+
    |ap_clk  |   5.00|     4.895|        0.00|
    +--------+-------+----------+------------+

+ Latency (clock cycles): 
    * Summary: 
    +--------+--------+--------+--------+---------+
    |     Latency     |     Interval    | Pipeline|
    |   min  |   max  |   min  |   max  |   Type  |
    +--------+--------+--------+--------+---------+
    |  380651|  380651|  380651|  380651|   none  |
    +--------+--------+--------+--------+---------+

    + Detail: 
        * Instance: 
        N/A

        * Loop: 
        +------------+--------+--------+----------+-----------+-----------+------+----------+
        |            |     Latency     | Iteration|  Initiation Interval  | Trip |          |
        |  Loop Name |   min  |   max  |  Latency |  achieved |   target  | Count| Pipelined|
        +------------+--------+--------+----------+-----------+-----------+------+----------+
        |- loop2     |  378425|  378425|     15137|          -|          -|    25|    no    |
        | + loop2.1  |   15011|   15011|        17|          -|          -|   883|    no    |
        |- loop3     |    1782|    1782|       594|          -|          -|     3|    no    |
        | + loop3.1  |     468|     468|        18|          -|          -|    26|    no    |
        +------------+--------+--------+----------+-----------+-----------+------+----------+



================================================================
== Utilization Estimates
================================================================
* Summary: 
+-----------------+---------+-------+--------+--------+
|       Name      | BRAM_18K| DSP48E|   FF   |   LUT  |
+-----------------+---------+-------+--------+--------+
|DSP              |        -|      -|       -|       -|
|Expression       |        -|      -|       0|     226|
|FIFO             |        -|      -|       -|       -|
|Instance         |        -|     34|    9930|    8281|
|Memory           |       67|      -|      64|      13|
|Multiplexer      |        -|      -|       -|   10050|
|Register         |        -|      -|    1509|       -|
+-----------------+---------+-------+--------+--------+
|Total            |       67|     34|   11503|   18570|
+-----------------+---------+-------+--------+--------+
|Available        |      730|    740|  269200|  129000|
+-----------------+---------+-------+--------+--------+
|Utilization (%)  |        9|      4|       4|      14|
+-----------------+---------+-------+--------+--------+

+ Detail: 
    * Instance: 
    +--------------------------+----------------------+---------+-------+------+------+
    |         Instance         |        Module        | BRAM_18K| DSP48E|  FF  |  LUT |
    +--------------------------+----------------------+---------+-------+------+------+
    |voicerec_dadd_64nocq_U42  |voicerec_dadd_64nocq  |        0|      3|   772|   733|
    |voicerec_ddiv_64npcA_U43  |voicerec_ddiv_64npcA  |        0|      0|  6160|  3489|
    |voicerec_dexp_64nqcK_U44  |voicerec_dexp_64nqcK  |        0|     26|  2295|  3525|
    |voicerec_fadd_32nncg_U38  |voicerec_fadd_32nncg  |        0|      2|   324|   233|
    |voicerec_fmul_32ncud_U39  |voicerec_fmul_32ncud  |        0|      3|   151|   144|
    |voicerec_fpext_32ibs_U41  |voicerec_fpext_32ibs  |        0|      0|   100|    54|
    |voicerec_fptrunc_hbi_U40  |voicerec_fptrunc_hbi  |        0|      0|   128|   103|
    +--------------------------+----------------------+---------+-------+------+------+
    |Total                     |                      |        0|     34|  9930|  8281|
    +--------------------------+----------------------+---------+-------+------+------+

    * DSP48: 
    N/A

    * Memory: 
    +------------+----------------------+---------+----+----+-------+-----+------+-------------+
    |   Memory   |        Module        | BRAM_18K| FF | LUT| Words | Bits| Banks| W*Bits*Banks|
    +------------+----------------------+---------+----+----+-------+-----+------+-------------+
    |input_r_U   |feedForward_input_r   |        2|   0|   0|    883|   32|     1|        28256|
    |weightIH_U  |feedForward_weighlbW  |       64|   0|   0|  22075|   32|     1|       706400|
    |weightHO_U  |feedForward_weighmb6  |        1|   0|   0|     78|   32|     1|         2496|
    |hidden_U    |processChunk_e        |        0|  64|  13|     26|   32|     1|          832|
    +------------+----------------------+---------+----+----+-------+-----+------+-------------+
    |Total       |                      |       67|  64|  13|  23062|  128|     4|       737984|
    +------------+----------------------+---------+----+----+-------+-----+------+-------------+

    * FIFO: 
    N/A

    * Expression: 
    +------------------------+----------+-------+---+----+------------+------------+
    |      Variable Name     | Operation| DSP48E| FF| LUT| Bitwidth P0| Bitwidth P1|
    +------------------------+----------+-------+---+----+------------+------------+
    |j_1_fu_12716_p2         |     +    |      0|  0|  10|           2|           1|
    |j_fu_12649_p2           |     +    |      0|  0|  15|           5|           1|
    |k_1_fu_12670_p2         |     +    |      0|  0|  17|          10|           1|
    |k_2_fu_12750_p2         |     +    |      0|  0|  15|           5|           1|
    |next_mul_fu_12676_p2    |     +    |      0|  0|  22|          15|           5|
    |tmp_52_fu_12682_p2      |     +    |      0|  0|  22|          15|          15|
    |tmp_55_fu_12778_p2      |     +    |      0|  0|   8|           8|           8|
    |tmp_54_fu_12772_p2      |     -    |      0|  0|   8|           8|           8|
    |exitcond1_fu_12710_p2   |   icmp   |      0|  0|   8|           2|           2|
    |exitcond2_fu_12664_p2   |   icmp   |      0|  0|  13|          10|           9|
    |exitcond3_fu_12643_p2   |   icmp   |      0|  0|  11|           5|           4|
    |exitcond_fu_12744_p2    |   icmp   |      0|  0|  11|           5|           4|
    |tmp_42_neg_fu_12691_p2  |    xor   |      0|  0|  33|          32|          33|
    |tmp_52_neg_fu_12787_p2  |    xor   |      0|  0|  33|          32|          33|
    +------------------------+----------+-------+---+----+------------+------------+
    |Total                   |          |      0|  0| 226|         154|         125|
    +------------------------+----------+-------+---+----+------------+------------+

    * Multiplexer: 
    +-------------------+------+-----------+-----+-----------+
    |        Name       |  LUT | Input Size| Bits| Total Bits|
    +-------------------+------+-----------+-----+-----------+
    |ap_NS_fsm          |  2193|        729|    1|        729|
    |grp_fu_12566_p0    |    15|          3|   32|         96|
    |grp_fu_12572_p0    |    15|          3|   32|         96|
    |grp_fu_12572_p1    |    15|          3|   32|         96|
    |grp_fu_12579_p0    |    15|          3|   32|         96|
    |hidden_address0    |    15|          3|    5|         15|
    |input_r_address0   |  1917|        443|   10|       4430|
    |input_r_address1   |  1913|        442|   10|       4420|
    |j1_reg_12484       |     9|          2|    5|         10|
    |j2_reg_12530       |     9|          2|    2|          4|
    |k3_reg_12554       |     9|          2|    5|         10|
    |k_reg_12507        |     9|          2|   10|         20|
    |output_0           |    21|          4|   32|        128|
    |output_1           |    21|          4|   32|        128|
    |output_2           |    21|          4|   32|        128|
    |pattern_address0   |  1913|        442|   10|       4420|
    |pattern_address1   |  1913|        442|   10|       4420|
    |phi_mul_reg_12519  |     9|          2|   15|         30|
    |tmp_30_reg_12495   |     9|          2|   32|         64|
    |tmp_34_reg_12542   |     9|          2|   32|         64|
    +-------------------+------+-----------+-----+-----------+
    |Total              | 10050|       2539|  371|      19404|
    +-------------------+------+-----------+-----+-----------+

    * Register: 
    +-------------------------+-----+----+-----+-----------+
    |           Name          |  FF | LUT| Bits| Const Bits|
    +-------------------------+-----+----+-----+-----------+
    |ap_CS_fsm                |  728|   0|  728|          0|
    |hidden_addr_reg_17265    |    5|   0|    5|          0|
    |hidden_load_reg_17359    |   32|   0|   32|          0|
    |input_load_reg_17303     |   32|   0|   32|          0|
    |j1_reg_12484             |    5|   0|    5|          0|
    |j2_reg_12530             |    2|   0|    2|          0|
    |j_1_reg_17321            |    2|   0|    2|          0|
    |j_reg_17255              |    5|   0|    5|          0|
    |k3_reg_12554             |    5|   0|    5|          0|
    |k_1_reg_17273            |   10|   0|   10|          0|
    |k_2_reg_17334            |    5|   0|    5|          0|
    |k_reg_12507              |   10|   0|   10|          0|
    |next_mul_reg_17278       |   15|   0|   15|          0|
    |phi_mul_reg_12519        |   15|   0|   15|          0|
    |reg_12597                |   32|   0|   32|          0|
    |reg_12602                |   32|   0|   32|          0|
    |reg_12607                |   32|   0|   32|          0|
    |reg_12612                |   32|   0|   32|          0|
    |reg_12618                |   64|   0|   64|          0|
    |reg_12623                |   64|   0|   64|          0|
    |reg_12628                |   64|   0|   64|          0|
    |reg_12633                |   64|   0|   64|          0|
    |reg_12638                |   32|   0|   32|          0|
    |tmp_30_reg_12495         |   32|   0|   32|          0|
    |tmp_32_cast_reg_17326    |    2|   0|    8|          6|
    |tmp_34_reg_12542         |   32|   0|   32|          0|
    |tmp_42_neg_reg_17288     |   32|   0|   32|          0|
    |tmp_52_neg_reg_17344     |   32|   0|   32|          0|
    |tmp_52_reg_17283         |   15|   0|   15|          0|
    |tmp_55_reg_17339         |    8|   0|    8|          0|
    |tmp_cast_reg_17260       |    5|   0|   15|         10|
    |weightHO_load_reg_17364  |   32|   0|   32|          0|
    |weightIH_load_reg_17308  |   32|   0|   32|          0|
    +-------------------------+-----+----+-----+-----------+
    |Total                    | 1509|   0| 1525|         16|
    +-------------------------+-----+----+-----+-----------+



================================================================
== Interface
================================================================
* Summary: 
+------------------+-----+-----+------------+--------------+--------------+
|     RTL Ports    | Dir | Bits|  Protocol  | Source Object|    C Type    |
+------------------+-----+-----+------------+--------------+--------------+
|ap_clk            |  in |    1| ap_ctrl_hs |  feedForward | return value |
|ap_rst            |  in |    1| ap_ctrl_hs |  feedForward | return value |
|ap_start          |  in |    1| ap_ctrl_hs |  feedForward | return value |
|ap_done           | out |    1| ap_ctrl_hs |  feedForward | return value |
|ap_idle           | out |    1| ap_ctrl_hs |  feedForward | return value |
|ap_ready          | out |    1| ap_ctrl_hs |  feedForward | return value |
|pattern_address0  | out |   10|  ap_memory |    pattern   |     array    |
|pattern_ce0       | out |    1|  ap_memory |    pattern   |     array    |
|pattern_q0        |  in |   32|  ap_memory |    pattern   |     array    |
|pattern_address1  | out |   10|  ap_memory |    pattern   |     array    |
|pattern_ce1       | out |    1|  ap_memory |    pattern   |     array    |
|pattern_q1        |  in |   32|  ap_memory |    pattern   |     array    |
|output_0          | out |   32|   ap_vld   |   output_0   |    pointer   |
|output_0_ap_vld   | out |    1|   ap_vld   |   output_0   |    pointer   |
|output_1          | out |   32|   ap_vld   |   output_1   |    pointer   |
|output_1_ap_vld   | out |    1|   ap_vld   |   output_1   |    pointer   |
|output_2          | out |   32|   ap_vld   |   output_2   |    pointer   |
|output_2_ap_vld   | out |    1|   ap_vld   |   output_2   |    pointer   |
+------------------+-----+-----+------------+--------------+--------------+

