

================================================================
== Vivado HLS Report for 'processChunk'
================================================================
* Date:           Mon Aug 16 14:12:59 2021

* Version:        2018.2 (Build 2258646 on Thu Jun 14 20:25:20 MDT 2018)
* Project:        voicerec
* Solution:       solution1
* Product family: artix7
* Target device:  xc7a200tsbg484-1


================================================================
== Performance Estimates
================================================================
+ Timing (ns): 
    * Summary: 
    +--------+-------+----------+------------+
    |  Clock | Target| Estimated| Uncertainty|
    +--------+-------+----------+------------+
    |ap_clk  |   5.00|     8.658|        0.00|
    +--------+-------+----------+------------+

+ Latency (clock cycles): 
    * Summary: 
    +-------+---------+-------+---------+---------+
    |     Latency     |     Interval    | Pipeline|
    |  min  |   max   |  min  |   max   |   Type  |
    +-------+---------+-------+---------+---------+
    |  39048|  3324624|  39048|  3324624|   none  |
    +-------+---------+-------+---------+---------+

    + Detail: 
        * Instance: 
        +----------------+-------+-------+---------+-------+---------+---------+
        |                |       |     Latency     |     Interval    | Pipeline|
        |    Instance    | Module|  min  |   max   |  min  |   max   |   Type  |
        +----------------+-------+-------+---------+-------+---------+---------+
        |grp_FFT_fu_418  |FFT    |  22530|  3301122|  22530|  3301122|   none  |
        +----------------+-------+-------+---------+-------+---------+---------+

        * Loop: 
        +-------------+------+------+----------+-----------+-----------+------+----------+
        |             |   Latency   | Iteration|  Initiation Interval  | Trip |          |
        |  Loop Name  |  min |  max |  Latency |  achieved |   target  | Count| Pipelined|
        +-------------+------+------+----------+-----------+-----------+------+----------+
        |- Loop 1     |  1024|  1024|         4|          -|          -|   256|    no    |
        |- Loop 2     |  5632|  5632|        22|          -|          -|   256|    no    |
        |- Loop 3     |  1792|  7424|  7 ~ 29  |          -|          -|   256|    no    |
        |- Loop 4     |   182|  1534|  7 ~ 59  |          -|          -|    26|    no    |
        |- Loop 5     |  7882|  7882|       563|          -|          -|    14|    no    |
        | + Loop 5.1  |   546|   546|        21|          -|          -|    26|    no    |
        +-------------+------+------+----------+-----------+-----------+------+----------+



================================================================
== Utilization Estimates
================================================================
* Summary: 
+-----------------+---------+-------+--------+--------+
|       Name      | BRAM_18K| DSP48E|   FF   |   LUT  |
+-----------------+---------+-------+--------+--------+
|DSP              |        -|      -|       -|       -|
|Expression       |        -|      -|       0|     475|
|FIFO             |        -|      -|       -|       -|
|Instance         |        2|     35|    6324|    5076|
|Memory           |        5|      -|      72|      17|
|Multiplexer      |        -|      -|       -|    1187|
|Register         |        -|      -|    1170|       -|
+-----------------+---------+-------+--------+--------+
|Total            |        7|     35|    7566|    6755|
+-----------------+---------+-------+--------+--------+
|Available        |      730|    740|  269200|  129000|
+-----------------+---------+-------+--------+--------+
|Utilization (%)  |    ~0   |      4|       2|       5|
+-----------------+---------+-------+--------+--------+

+ Detail: 
    * Instance: 
    +--------------------------+----------------------+---------+-------+------+------+
    |         Instance         |        Module        | BRAM_18K| DSP48E|  FF  |  LUT |
    +--------------------------+----------------------+---------+-------+------+------+
    |grp_FFT_fu_418            |FFT                   |        2|     16|  3072|  2861|
    |voicerec_dmul_64nkbM_U22  |voicerec_dmul_64nkbM  |        0|     11|   456|   252|
    |voicerec_faddfsubbkb_U14  |voicerec_faddfsubbkb  |        0|      2|   324|   233|
    |voicerec_fcmp_32njbC_U21  |voicerec_fcmp_32njbC  |        0|      0|    66|    70|
    |voicerec_fdiv_32nfYi_U17  |voicerec_fdiv_32nfYi  |        0|      0|  1438|   845|
    |voicerec_fmul_32ncud_U15  |voicerec_fmul_32ncud  |        0|      3|   151|   144|
    |voicerec_fmul_32ncud_U16  |voicerec_fmul_32ncud  |        0|      3|   151|   144|
    |voicerec_fpext_32ibs_U20  |voicerec_fpext_32ibs  |        0|      0|   100|    54|
    |voicerec_fptrunc_hbi_U19  |voicerec_fptrunc_hbi  |        0|      0|   128|   103|
    |voicerec_uitofp_3g8j_U18  |voicerec_uitofp_3g8j  |        0|      0|   438|   370|
    +--------------------------+----------------------+---------+-------+------+------+
    |Total                     |                      |        2|     35|  6324|  5076|
    +--------------------------+----------------------+---------+-------+------+------+

    * DSP48: 
    N/A

    * Memory: 
    +-------------+----------------------+---------+----+----+------+-----+------+-------------+
    |    Memory   |        Module        | BRAM_18K| FF | LUT| Words| Bits| Banks| W*Bits*Banks|
    +-------------+----------------------+---------+----+----+------+-----+------+-------------+
    |c_U          |processChunk_c        |        2|   0|   0|   512|   32|     1|        16384|
    |dctMatrix_U  |processChunk_dctMeOg  |        2|   0|   0|   676|   32|     1|        21632|
    |e_U          |processChunk_e        |        0|  64|  13|    26|   32|     1|          832|
    |mell_U       |processChunk_mell     |        0|   8|   4|    27|    8|     1|          216|
    |spec_U       |processChunk_spec     |        1|   0|   0|   256|   32|     1|         8192|
    +-------------+----------------------+---------+----+----+------+-----+------+-------------+
    |Total        |                      |        5|  72|  17|  1497|  136|     5|        47256|
    +-------------+----------------------+---------+----+----+------+-----+------+-------------+

    * FIFO: 
    N/A

    * Expression: 
    +-----------------------+----------+-------+---+----+------------+------------+
    |     Variable Name     | Operation| DSP48E| FF| LUT| Bitwidth P0| Bitwidth P1|
    +-----------------------+----------+-------+---+----+------------+------------+
    |grp_fu_472_p2          |     +    |      0|  0|  39|          32|           1|
    |i_4_fu_557_p2          |     +    |      0|  0|  16|           9|           1|
    |i_5_fu_611_p2          |     +    |      0|  0|  16|           9|           1|
    |i_6_fu_735_p2          |     +    |      0|  0|  15|           5|           1|
    |i_7_fu_654_p2          |     +    |      0|  0|  16|           9|           1|
    |k_fu_813_p2            |     +    |      0|  0|  13|           4|           1|
    |n_fu_853_p2            |     +    |      0|  0|  15|           5|           1|
    |next_mul_fu_801_p2     |     +    |      0|  0|  16|           9|           5|
    |tmp_45_fu_837_p2       |     +    |      0|  0|  18|          11|          11|
    |tmp_46_fu_868_p2       |     +    |      0|  0|  16|           9|           9|
    |tmp_fu_563_p2          |     +    |      0|  0|  20|          13|          13|
    |tmp_41_fu_537_p2       |     -    |      0|  0|  18|          11|          11|
    |tmp_38_fu_780_p2       |    and   |      0|  0|   2|           1|           1|
    |exitcond1_fu_648_p2    |   icmp   |      0|  0|  13|           9|          10|
    |exitcond1_i_fu_807_p2  |   icmp   |      0|  0|   9|           4|           3|
    |exitcond2_fu_605_p2    |   icmp   |      0|  0|  13|           9|          10|
    |exitcond3_fu_551_p2    |   icmp   |      0|  0|  13|           9|          10|
    |exitcond_fu_729_p2     |   icmp   |      0|  0|  11|           5|           4|
    |exitcond_i_fu_847_p2   |   icmp   |      0|  0|  11|           5|           4|
    |notlhs_fu_764_p2       |   icmp   |      0|  0|  11|           8|           2|
    |notrhs_fu_770_p2       |   icmp   |      0|  0|  18|          23|           1|
    |tmp_17_fu_673_p2       |   icmp   |      0|  0|  13|          10|          10|
    |tmp_22_fu_683_p2       |   icmp   |      0|  0|  13|           9|           9|
    |tmp_25_fu_697_p2       |   icmp   |      0|  0|  13|           9|           9|
    |tmp_29_fu_717_p2       |   icmp   |      0|  0|  13|          10|          10|
    |tmp_4_fu_594_p2        |   icmp   |      0|  0|  13|           9|           5|
    |tmp_i_15_fu_819_p2     |   icmp   |      0|  0|   9|           4|           1|
    |tmp_10_fu_628_p2       |    or    |      0|  0|   9|           9|           1|
    |tmp_2_fu_583_p2        |    or    |      0|  0|   9|           9|           1|
    |tmp_36_fu_776_p2       |    or    |      0|  0|   2|           1|           1|
    |p_mellIdx_fu_722_p3    |  select  |      0|  0|  32|           1|          32|
    |s_fu_825_p3            |  select  |      0|  0|  30|           1|          30|
    +-----------------------+----------+-------+---+----+------------+------------+
    |Total                  |          |      0|  0| 475|         271|         210|
    +-----------------------+----------+-------+---+----+------------+------------+

    * Multiplexer: 
    +-------------------------------------+-----+-----------+-----+-----------+
    |                 Name                | LUT | Input Size| Bits| Total Bits|
    +-------------------------------------+-----+-----------+-----+-----------+
    |ap_NS_fsm                            |  681|        154|    1|        154|
    |ap_phi_mux_storemerge_phi_fu_364_p4  |    9|          2|   32|         64|
    |c_address0                           |   21|          4|    9|         36|
    |c_address1                           |   21|          4|    9|         36|
    |c_ce0                                |   15|          3|    1|          3|
    |c_ce1                                |   15|          3|    1|          3|
    |c_d0                                 |   15|          3|   32|         96|
    |c_d1                                 |   15|          3|   32|         96|
    |c_we0                                |   15|          3|    1|          3|
    |c_we1                                |   15|          3|    1|          3|
    |e_address0                           |   41|          8|    5|         40|
    |e_d0                                 |   27|          5|   32|        160|
    |grp_fu_428_opcode                    |   15|          3|    2|          6|
    |grp_fu_428_p0                        |   33|          6|   32|        192|
    |grp_fu_428_p1                        |   38|          7|   32|        224|
    |grp_fu_435_p0                        |   38|          7|   32|        224|
    |grp_fu_435_p1                        |   41|          8|   32|        256|
    |i_1_reg_313                          |    9|          2|    9|         18|
    |i_2_reg_325                          |    9|          2|    9|         18|
    |i_3_reg_349                          |    9|          2|    5|         10|
    |i_reg_301                            |    9|          2|    9|         18|
    |k_i_reg_372                          |    9|          2|    4|          8|
    |mellIdx_reg_337                      |    9|          2|   32|         64|
    |mell_address0                        |   21|          4|    5|         20|
    |n_i_reg_407                          |    9|          2|    5|         10|
    |phi_mul_reg_383                      |    9|          2|    9|         18|
    |spec_address0                        |   21|          4|    8|         32|
    |storemerge_reg_360                   |    9|          2|   32|         64|
    |sum_i_reg_395                        |    9|          2|   32|         64|
    +-------------------------------------+-----+-----------+-----+-----------+
    |Total                                | 1187|        254|  445|       1940|
    +-------------------------------------+-----+-----------+-----+-----------+

    * Register: 
    +-----------------------------+-----+----+-----+-----------+
    |             Name            |  FF | LUT| Bits| Const Bits|
    +-----------------------------+-----+----+-----+-----------+
    |ap_CS_fsm                    |  153|   0|  153|          0|
    |c_load_1_reg_938             |   32|   0|   32|          0|
    |c_load_reg_932               |   32|   0|   32|          0|
    |dctMatrix_load_reg_1129      |   32|   0|   32|          0|
    |e_addr_1_reg_1033            |    5|   0|    5|          0|
    |e_addr_2_reg_1005            |    5|   0|    5|          0|
    |grp_FFT_fu_418_ap_start_reg  |    1|   0|    1|          0|
    |i_1_reg_313                  |    9|   0|    9|          0|
    |i_2_cast_reg_949             |    9|   0|   10|          1|
    |i_2_reg_325                  |    9|   0|    9|          0|
    |i_3_reg_349                  |    5|   0|    5|          0|
    |i_4_reg_891                  |    9|   0|    9|          0|
    |i_5_reg_917                  |    9|   0|    9|          0|
    |i_6_reg_1028                 |    5|   0|    5|          0|
    |i_7_reg_958                  |    9|   0|    9|          0|
    |i_reg_301                    |    9|   0|    9|          0|
    |inputSound_load_reg_906      |   32|   0|   32|          0|
    |k_i_reg_372                  |    4|   0|    4|          0|
    |k_reg_1091                   |    4|   0|    4|          0|
    |mellIdx_reg_337              |   32|   0|   32|          0|
    |mell_load_cast_cast_reg_973  |    8|   0|    9|          1|
    |n_i_reg_407                  |    5|   0|    5|          0|
    |n_reg_1109                   |    5|   0|    5|          0|
    |next_mul_reg_1083            |    9|   0|    9|          0|
    |notlhs_reg_1048              |    1|   0|    1|          0|
    |notrhs_reg_1053              |    1|   0|    1|          0|
    |phi_mul_reg_383              |    9|   0|    9|          0|
    |reg_478                      |   32|   0|   32|          0|
    |reg_487                      |   32|   0|   32|          0|
    |reg_495                      |   32|   0|   32|          0|
    |reg_500                      |   32|   0|   32|          0|
    |reg_507                      |   32|   0|   32|          0|
    |reg_511                      |   32|   0|   32|          0|
    |ret_addr_reg_1101            |   10|   0|   10|          0|
    |s_reg_1096                   |   12|   0|   32|         20|
    |storemerge_reg_360           |   32|   0|   32|          0|
    |sum_i_reg_395                |   32|   0|   32|          0|
    |tmp_12_reg_944               |   32|   0|   32|          0|
    |tmp_16_reg_963               |   64|   0|   64|          0|
    |tmp_17_reg_978               |    1|   0|    1|          0|
    |tmp_22_reg_987               |    1|   0|    1|          0|
    |tmp_25_reg_996               |    1|   0|    1|          0|
    |tmp_29_reg_1015              |    1|   0|    1|          0|
    |tmp_37_reg_1058              |    1|   0|    1|          0|
    |tmp_38_reg_1063              |    1|   0|    1|          0|
    |tmp_41_reg_878               |   10|   0|   11|          1|
    |tmp_42_reg_883               |   13|   0|   13|          0|
    |tmp_46_reg_1114              |    9|   0|    9|          0|
    |tmp_47_reg_1043              |   23|   0|   23|          0|
    |tmp_54_i_i_reg_1067          |   23|   0|   32|          9|
    |tmp_58_i_i_reg_1078          |   32|   0|   32|          0|
    |tmp_60_i_reg_1134            |   64|   0|   64|          0|
    |tmp_61_i_reg_1139            |   64|   0|   64|          0|
    |tmp_62_i_reg_1144            |   32|   0|   32|          0|
    |tmp_reg_896                  |   13|   0|   13|          0|
    |x_assign_to_int_reg_1038     |   32|   0|   32|          0|
    |y_reg_1073                   |   32|   0|   32|          0|
    +-----------------------------+-----+----+-----+-----------+
    |Total                        | 1170|   0| 1202|         32|
    +-----------------------------+-----+----+-----+-----------+



================================================================
== Interface
================================================================
* Summary: 
+---------------------+-----+-----+------------+--------------+--------------+
|      RTL Ports      | Dir | Bits|  Protocol  | Source Object|    C Type    |
+---------------------+-----+-----+------------+--------------+--------------+
|ap_clk               |  in |    1| ap_ctrl_hs | processChunk | return value |
|ap_rst               |  in |    1| ap_ctrl_hs | processChunk | return value |
|ap_start             |  in |    1| ap_ctrl_hs | processChunk | return value |
|ap_done              | out |    1| ap_ctrl_hs | processChunk | return value |
|ap_idle              | out |    1| ap_ctrl_hs | processChunk | return value |
|ap_ready             | out |    1| ap_ctrl_hs | processChunk | return value |
|sp                   |  in |   14|   ap_none  |      sp      |    scalar    |
|ret_address0         | out |   10|  ap_memory |      ret     |     array    |
|ret_ce0              | out |    1|  ap_memory |      ret     |     array    |
|ret_we0              | out |    1|  ap_memory |      ret     |     array    |
|ret_d0               | out |   32|  ap_memory |      ret     |     array    |
|ret_offset           |  in |    7|   ap_none  |  ret_offset  |    scalar    |
|inputSound_address0  | out |   13|  ap_memory |  inputSound  |     array    |
|inputSound_ce0       | out |    1|  ap_memory |  inputSound  |     array    |
|inputSound_q0        |  in |   32|  ap_memory |  inputSound  |     array    |
+---------------------+-----+-----+------------+--------------+--------------+

